{
  "name": "golden",
  "version": "0.1.0",
  "private": true,
  "dependencies": {
    "@babel/plugin-proposal-private-property-in-object": "^7.21.11",
    "@emailjs/browser": "^4.4.1",
    "@fortawesome/fontawesome-svg-core": "^6.7.0",
    "@fortawesome/free-solid-svg-icons": "^6.7.0",
    "@react-google-maps/api": "^2.20.3",
    "@testing-library/jest-dom": "^5.17.0",
    "@testing-library/react": "^13.4.0",
    "@testing-library/user-event": "^13.5.0",
    "@vis.gl/react-google-maps": "^1.4.2",
    "bootstrap": "^5.3.3",
    "emailjs": "^4.0.3",
    "emailjs-com": "^3.2.0",
    "fs": "^0.0.1-security",
    "node-fetch": "^3.3.2",
    "react": "^18.3.1",
    "react-dom": "^18.3.1",
    "react-hook-form": "^7.53.2",
    "react-responsive": "^10.0.0",
    "react-router-dom": "^7.0.1",
    "react-scripts": "5.0.1",
    "use-places-autocomplete": "^4.0.1",
    "web-vitals": "^2.1.4"
  },
  "scripts": {
    "start": "react-scripts start",
    "build": "react-scripts build",
    "test": "react-scripts test",
    "eject": "react-scripts eject"
  },
  "eslintConfig": {
    "extends": [
      "react-app",
      "react-app/jest"
    ]
  },
  "browserslist": {
    "production": [
      ">0.2%",
      "not dead",
      "not op_mini all"
    ],
    "development": [
      "last 1 chrome version",
      "last 1 firefox version",
      "last 1 safari version"
    ]
  }
}
