<div  style={{
              display: 'flex',
              flexDirection: 'column',
              width: 0,
              marginLeft: -70
            }}>
              <img style={{
                width: 100,
                height: 100,
            }} src={img_ts} alt='room'></img>
              <img style={{
                marginTop: 10,
                width: 100,
                height: 80
            }}
            src={img_tf} alt='room'></img>
            </div>
            